../../Drivers/STM32WLxx_HAL_Driver/Inc/stm32wlxx_ll_rcc.h:1257:22:LL_RCC_LSE_SetDriveCapability	16	static
../../Drivers/STM32WLxx_HAL_Driver/Inc/stm32wlxx_ll_bus.h:287:22:LL_AHB1_GRP1_EnableClock	24	static
../../Drivers/STM32WLxx_HAL_Driver/Inc/stm32wlxx_ll_bus.h:449:22:LL_AHB2_GRP1_EnableClock	24	static
../Core/Src/main.c:92:5:main	8	static
../Core/Src/main.c:142:6:SystemClock_Config	112	static
../Core/Src/main.c:192:13:MX_RTC_Init	8	static
../Core/Src/main.c:237:13:MX_TIM16_Init	8	static
../Core/Src/main.c:269:13:MX_USART2_UART_Init	8	static
../Core/Src/main.c:315:13:MX_DMA_Init	8	static
../Core/Src/main.c:334:13:MX_GPIO_Init	8	static
../Core/Src/main.c:345:19:send_2_dbg_uart	16	static
../Core/Src/main.c:350:6:tim_init	4	static
../Core/Src/main.c:354:6:tim_start	8	static
../Core/Src/main.c:359:6:HAL_TIM_PeriodElapsedCallback	16	static
../Core/Src/main.c:367:6:toggle_led	16	static,ignoring_inline_asm
../Core/Src/main.c:387:6:Error_Handler	4	static,ignoring_inline_asm
